[[ This module implements doctest for 7-base_geometry ]]

Examples:

>>> m = __import__("7-base_geometry")

>>> bg = m.BaseGeometry

>>> bgo = bg()

>>> bgo.area()
Traceback (most recent call last):
Exception: area() is not implemented

>>> bgo.integer_validator("my_int", 12)

>>> bgo.integer_validator("width", 89)

>>> bgo.integer_validator("age", 0)
Traceback (most recent call last):
ValueError: age must be greater than 0

test for negative
>>> bgo.integer_validator("age", -7)
Traceback (most recent call last):
ValueError: age must be greater than 0

test for one argument
>>> bgo.integer_validator("age")
Traceback (most recent call last):
TypeError: integer_validator() missing 1 required positional argument: 'value'

test for missing two argument
>>> bgo.integer_validator()
Traceback (most recent call last):
TypeError: integer_validator() missing 2 required positional arguments: 'name' and 'value'
